[2025-10-20T04:54:09.120+0000][gc,init] CardTable entry size: 512
[2025-10-20T04:54:09.120+0000][gc     ] Using G1
[2025-10-20T04:54:09.128+0000][gc,init] Version: 21.0.8+9-Ubuntu-0ubuntu124.04.1 (release)
[2025-10-20T04:54:09.128+0000][gc,init] CPUs: 2 total, 2 available
[2025-10-20T04:54:09.128+0000][gc,init] Memory: 3916M
[2025-10-20T04:54:09.128+0000][gc,init] Large Page Support: Disabled
[2025-10-20T04:54:09.128+0000][gc,init] NUMA Support: Disabled
[2025-10-20T04:54:09.128+0000][gc,init] Compressed Oops: Enabled (32-bit)
[2025-10-20T04:54:09.128+0000][gc,init] Heap Region Size: 1M
[2025-10-20T04:54:09.128+0000][gc,init] Heap Min Capacity: 1G
[2025-10-20T04:54:09.128+0000][gc,init] Heap Initial Capacity: 1G
[2025-10-20T04:54:09.128+0000][gc,init] Heap Max Capacity: 1G
[2025-10-20T04:54:09.128+0000][gc,init] Pre-touch: Disabled
[2025-10-20T04:54:09.128+0000][gc,init] Parallel Workers: 2
[2025-10-20T04:54:09.128+0000][gc,init] Concurrent Workers: 1
[2025-10-20T04:54:09.128+0000][gc,init] Concurrent Refinement Workers: 2
[2025-10-20T04:54:09.128+0000][gc,init] Periodic GC: Disabled
[2025-10-20T04:54:09.143+0000][gc,metaspace] CDS archive(s) mapped at: [0x00007d821b000000-0x00007d821bca0000-0x00007d821bca0000), size 13238272, SharedBaseAddress: 0x00007d821b000000, ArchiveRelocationMode: 1.
[2025-10-20T04:54:09.143+0000][gc,metaspace] Compressed class space mapped at: 0x00007d821c000000-0x00007d825c000000, reserved size: 1073741824
[2025-10-20T04:54:09.143+0000][gc,metaspace] Narrow klass base: 0x00007d821b000000, Narrow klass shift: 0, Narrow klass range: 0x100000000
[2025-10-20T04:54:11.367+0000][gc,start    ] GC(0) Pause Young (Normal) (G1 Evacuation Pause)
[2025-10-20T04:54:11.368+0000][gc,task     ] GC(0) Using 2 workers of 2 for evacuation
[2025-10-20T04:54:11.385+0000][gc,phases   ] GC(0)   Pre Evacuate Collection Set: 0.2ms
[2025-10-20T04:54:11.385+0000][gc,phases   ] GC(0)   Merge Heap Roots: 0.7ms
[2025-10-20T04:54:11.385+0000][gc,phases   ] GC(0)   Evacuate Collection Set: 13.6ms
[2025-10-20T04:54:11.385+0000][gc,phases   ] GC(0)   Post Evacuate Collection Set: 2.7ms
[2025-10-20T04:54:11.385+0000][gc,phases   ] GC(0)   Other: 0.7ms
[2025-10-20T04:54:11.385+0000][gc,heap     ] GC(0) Eden regions: 51->0(44)
[2025-10-20T04:54:11.385+0000][gc,heap     ] GC(0) Survivor regions: 0->7(7)
[2025-10-20T04:54:11.385+0000][gc,heap     ] GC(0) Old regions: 2->4
[2025-10-20T04:54:11.385+0000][gc,heap     ] GC(0) Humongous regions: 0->0
[2025-10-20T04:54:11.385+0000][gc,metaspace] GC(0) Metaspace: 17423K(17600K)->17423K(17600K) NonClass: 15382K(15488K)->15382K(15488K) Class: 2041K(2112K)->2041K(2112K)
[2025-10-20T04:54:11.385+0000][gc          ] GC(0) Pause Young (Normal) (G1 Evacuation Pause) 52M->9M(1024M) 18.121ms
[2025-10-20T04:54:11.385+0000][gc,cpu      ] GC(0) User=0.01s Sys=0.02s Real=0.02s
[2025-10-20T04:54:11.818+0000][gc,start    ] GC(1) Pause Young (Concurrent Start) (Metadata GC Threshold)
[2025-10-20T04:54:11.818+0000][gc,task     ] GC(1) Using 2 workers of 2 for evacuation
[2025-10-20T04:54:11.847+0000][gc,mmu      ] GC(1) MMU target violated: 21.0ms (20.0ms/21.0ms)
[2025-10-20T04:54:11.847+0000][gc,phases   ] GC(1)   Pre Evacuate Collection Set: 0.3ms
[2025-10-20T04:54:11.847+0000][gc,phases   ] GC(1)   Merge Heap Roots: 0.0ms
[2025-10-20T04:54:11.847+0000][gc,phases   ] GC(1)   Evacuate Collection Set: 20.6ms
[2025-10-20T04:54:11.847+0000][gc,phases   ] GC(1)   Post Evacuate Collection Set: 2.9ms
[2025-10-20T04:54:11.847+0000][gc,phases   ] GC(1)   Other: 5.6ms
[2025-10-20T04:54:11.847+0000][gc,heap     ] GC(1) Eden regions: 15->0(49)
[2025-10-20T04:54:11.847+0000][gc,heap     ] GC(1) Survivor regions: 7->2(7)
[2025-10-20T04:54:11.847+0000][gc,heap     ] GC(1) Old regions: 4->11
[2025-10-20T04:54:11.847+0000][gc,heap     ] GC(1) Humongous regions: 0->0
[2025-10-20T04:54:11.847+0000][gc,metaspace] GC(1) Metaspace: 21281K(21504K)->21281K(21504K) NonClass: 18755K(18880K)->18755K(18880K) Class: 2525K(2624K)->2525K(2624K)
[2025-10-20T04:54:11.847+0000][gc          ] GC(1) Pause Young (Concurrent Start) (Metadata GC Threshold) 23M->10M(1024M) 29.463ms
[2025-10-20T04:54:11.847+0000][gc,cpu      ] GC(1) User=0.01s Sys=0.02s Real=0.03s
[2025-10-20T04:54:11.847+0000][gc          ] GC(2) Concurrent Mark Cycle
[2025-10-20T04:54:11.847+0000][gc,marking  ] GC(2) Concurrent Scan Root Regions
[2025-10-20T04:54:11.860+0000][gc,marking  ] GC(2) Concurrent Scan Root Regions 12.402ms
[2025-10-20T04:54:11.860+0000][gc,marking  ] GC(2) Concurrent Mark
[2025-10-20T04:54:11.860+0000][gc,marking  ] GC(2) Concurrent Mark From Roots
[2025-10-20T04:54:11.860+0000][gc,task     ] GC(2) Using 1 workers of 1 for marking
[2025-10-20T04:54:11.866+0000][gc,marking  ] GC(2) Concurrent Mark From Roots 6.007ms
[2025-10-20T04:54:11.866+0000][gc,marking  ] GC(2) Concurrent Preclean
[2025-10-20T04:54:11.866+0000][gc,marking  ] GC(2) Concurrent Preclean 0.031ms
[2025-10-20T04:54:11.866+0000][gc,start    ] GC(2) Pause Remark
[2025-10-20T04:54:11.869+0000][gc          ] GC(2) Pause Remark 11M->11M(1024M) 2.678ms
[2025-10-20T04:54:11.869+0000][gc,cpu      ] GC(2) User=0.00s Sys=0.00s Real=0.00s
[2025-10-20T04:54:11.870+0000][gc,marking  ] GC(2) Concurrent Mark 10.170ms
[2025-10-20T04:54:11.870+0000][gc,marking  ] GC(2) Concurrent Rebuild Remembered Sets and Scrub Regions
[2025-10-20T04:54:11.873+0000][gc,marking  ] GC(2) Concurrent Rebuild Remembered Sets and Scrub Regions 3.636ms
[2025-10-20T04:54:11.874+0000][gc,start    ] GC(2) Pause Cleanup
[2025-10-20T04:54:11.875+0000][gc          ] GC(2) Pause Cleanup 11M->11M(1024M) 0.355ms
[2025-10-20T04:54:11.875+0000][gc,cpu      ] GC(2) User=0.00s Sys=0.00s Real=0.00s
[2025-10-20T04:54:11.877+0000][gc,marking  ] GC(2) Concurrent Clear Claimed Marks
[2025-10-20T04:54:11.877+0000][gc,marking  ] GC(2) Concurrent Clear Claimed Marks 0.020ms
[2025-10-20T04:54:11.877+0000][gc,marking  ] GC(2) Concurrent Cleanup for Next Mark
[2025-10-20T04:54:11.924+0000][gc,marking  ] GC(2) Concurrent Cleanup for Next Mark 46.691ms
[2025-10-20T04:54:11.924+0000][gc          ] GC(2) Concurrent Mark Cycle 76.411ms
[2025-10-20T04:54:13.593+0000][gc,start    ] GC(3) Pause Young (Prepare Mixed) (G1 Evacuation Pause)
[2025-10-20T04:54:13.593+0000][gc,task     ] GC(3) Using 2 workers of 2 for evacuation
[2025-10-20T04:54:13.599+0000][gc,phases   ] GC(3)   Pre Evacuate Collection Set: 0.2ms
[2025-10-20T04:54:13.599+0000][gc,phases   ] GC(3)   Merge Heap Roots: 0.0ms
[2025-10-20T04:54:13.599+0000][gc,phases   ] GC(3)   Evacuate Collection Set: 4.8ms
[2025-10-20T04:54:13.599+0000][gc,phases   ] GC(3)   Post Evacuate Collection Set: 0.3ms
[2025-10-20T04:54:13.599+0000][gc,phases   ] GC(3)   Other: 0.6ms
[2025-10-20T04:54:13.599+0000][gc,heap     ] GC(3) Eden regions: 49->0(44)
[2025-10-20T04:54:13.599+0000][gc,heap     ] GC(3) Survivor regions: 2->7(7)
[2025-10-20T04:54:13.599+0000][gc,heap     ] GC(3) Old regions: 11->11
[2025-10-20T04:54:13.599+0000][gc,heap     ] GC(3) Humongous regions: 129->129
[2025-10-20T04:54:13.599+0000][gc,metaspace] GC(3) Metaspace: 32740K(33024K)->32740K(33024K) NonClass: 29165K(29312K)->29165K(29312K) Class: 3575K(3712K)->3575K(3712K)
[2025-10-20T04:54:13.599+0000][gc          ] GC(3) Pause Young (Prepare Mixed) (G1 Evacuation Pause) 188M->144M(1024M) 6.027ms
[2025-10-20T04:54:13.599+0000][gc,cpu      ] GC(3) User=0.00s Sys=0.00s Real=0.01s
[2025-10-20T04:54:13.970+0000][gc,start    ] GC(4) Pause Young (Mixed) (Metadata GC Threshold)
[2025-10-20T04:54:13.970+0000][gc,task     ] GC(4) Using 2 workers of 2 for evacuation
[2025-10-20T04:54:13.982+0000][gc,phases   ] GC(4)   Pre Evacuate Collection Set: 0.2ms
[2025-10-20T04:54:13.982+0000][gc,phases   ] GC(4)   Merge Heap Roots: 0.0ms
[2025-10-20T04:54:13.982+0000][gc,phases   ] GC(4)   Evacuate Collection Set: 10.6ms
[2025-10-20T04:54:13.982+0000][gc,phases   ] GC(4)   Post Evacuate Collection Set: 0.8ms
[2025-10-20T04:54:13.982+0000][gc,phases   ] GC(4)   Other: 0.0ms
[2025-10-20T04:54:13.982+0000][gc,heap     ] GC(4) Eden regions: 13->0(50)
[2025-10-20T04:54:13.982+0000][gc,heap     ] GC(4) Survivor regions: 7->1(7)
[2025-10-20T04:54:13.982+0000][gc,heap     ] GC(4) Old regions: 11->16
[2025-10-20T04:54:13.982+0000][gc,heap     ] GC(4) Humongous regions: 129->129
[2025-10-20T04:54:13.982+0000][gc,metaspace] GC(4) Metaspace: 35798K(36096K)->35798K(36096K) NonClass: 31810K(31936K)->31810K(31936K) Class: 3987K(4160K)->3987K(4160K)
[2025-10-20T04:54:13.982+0000][gc          ] GC(4) Pause Young (Mixed) (Metadata GC Threshold) 157M->145M(1024M) 11.962ms
[2025-10-20T04:54:13.982+0000][gc,cpu      ] GC(4) User=0.01s Sys=0.01s Real=0.01s
[2025-10-20T04:54:14.011+0000][gc,start    ] GC(5) Pause Young (Concurrent Start) (Metadata GC Threshold)
[2025-10-20T04:54:14.011+0000][gc,task     ] GC(5) Using 2 workers of 2 for evacuation
[2025-10-20T04:54:14.013+0000][gc,phases   ] GC(5)   Pre Evacuate Collection Set: 0.2ms
[2025-10-20T04:54:14.013+0000][gc,phases   ] GC(5)   Merge Heap Roots: 0.0ms
[2025-10-20T04:54:14.013+0000][gc,phases   ] GC(5)   Evacuate Collection Set: 1.5ms
[2025-10-20T04:54:14.013+0000][gc,phases   ] GC(5)   Post Evacuate Collection Set: 0.3ms
[2025-10-20T04:54:14.013+0000][gc,phases   ] GC(5)   Other: 0.4ms
[2025-10-20T04:54:14.013+0000][gc,heap     ] GC(5) Eden regions: 2->0(50)
[2025-10-20T04:54:14.013+0000][gc,heap     ] GC(5) Survivor regions: 1->1(7)
[2025-10-20T04:54:14.013+0000][gc,heap     ] GC(5) Old regions: 16->16
[2025-10-20T04:54:14.013+0000][gc,heap     ] GC(5) Humongous regions: 129->129
[2025-10-20T04:54:14.013+0000][gc,metaspace] GC(5) Metaspace: 36090K(36416K)->36090K(36416K) NonClass: 32066K(32256K)->32066K(32256K) Class: 4024K(4160K)->4024K(4160K)
[2025-10-20T04:54:14.013+0000][gc          ] GC(5) Pause Young (Concurrent Start) (Metadata GC Threshold) 146M->145M(1024M) 2.513ms
[2025-10-20T04:54:14.013+0000][gc          ] GC(6) Concurrent Mark Cycle
[2025-10-20T04:54:14.013+0000][gc,marking  ] GC(6) Concurrent Scan Root Regions
[2025-10-20T04:54:14.014+0000][gc,cpu      ] GC(5) User=0.00s Sys=0.01s Real=0.01s
[2025-10-20T04:54:14.016+0000][gc,marking  ] GC(6) Concurrent Scan Root Regions 3.046ms
[2025-10-20T04:54:14.016+0000][gc,marking  ] GC(6) Concurrent Mark
[2025-10-20T04:54:14.016+0000][gc,marking  ] GC(6) Concurrent Mark From Roots
[2025-10-20T04:54:14.016+0000][gc,task     ] GC(6) Using 1 workers of 1 for marking
[2025-10-20T04:54:14.037+0000][gc,marking  ] GC(6) Concurrent Mark From Roots 20.533ms
[2025-10-20T04:54:14.037+0000][gc,marking  ] GC(6) Concurrent Preclean
[2025-10-20T04:54:14.037+0000][gc,marking  ] GC(6) Concurrent Preclean 0.022ms
[2025-10-20T04:54:14.037+0000][gc,start    ] GC(6) Pause Remark
[2025-10-20T04:54:14.040+0000][gc          ] GC(6) Pause Remark 145M->145M(1024M) 2.499ms
[2025-10-20T04:54:14.040+0000][gc,cpu      ] GC(6) User=0.00s Sys=0.00s Real=0.00s
[2025-10-20T04:54:14.042+0000][gc,marking  ] GC(6) Concurrent Mark 25.323ms
[2025-10-20T04:54:14.042+0000][gc,marking  ] GC(6) Concurrent Rebuild Remembered Sets and Scrub Regions
[2025-10-20T04:54:14.051+0000][gc,marking  ] GC(6) Concurrent Rebuild Remembered Sets and Scrub Regions 8.974ms
[2025-10-20T04:54:14.051+0000][gc,start    ] GC(6) Pause Cleanup
[2025-10-20T04:54:14.051+0000][gc          ] GC(6) Pause Cleanup 146M->146M(1024M) 0.527ms
[2025-10-20T04:54:14.051+0000][gc,cpu      ] GC(6) User=0.00s Sys=0.00s Real=0.00s
[2025-10-20T04:54:14.054+0000][gc,marking  ] GC(6) Concurrent Clear Claimed Marks
[2025-10-20T04:54:14.054+0000][gc,marking  ] GC(6) Concurrent Clear Claimed Marks 0.029ms
[2025-10-20T04:54:14.054+0000][gc,marking  ] GC(6) Concurrent Cleanup for Next Mark
[2025-10-20T04:54:14.056+0000][gc,marking  ] GC(6) Concurrent Cleanup for Next Mark 2.467ms
[2025-10-20T04:54:14.056+0000][gc          ] GC(6) Concurrent Mark Cycle 42.901ms
[2025-10-20T04:58:31.589+0000][gc,heap,exit] Heap
[2025-10-20T04:58:31.589+0000][gc,heap,exit]  garbage-first heap   total 1048576K, used 167806K [0x00000000c0000000, 0x0000000100000000)
[2025-10-20T04:58:31.589+0000][gc,heap,exit]   region size 1024K, 20 young (20480K), 1 survivors (1024K)
[2025-10-20T04:58:31.589+0000][gc,heap,exit]  Metaspace       used 38392K, committed 38784K, reserved 1114112K
[2025-10-20T04:58:31.589+0000][gc,heap,exit]   class space    used 4403K, committed 4608K, reserved 1048576K
