[2025-10-20T03:05:59.643+0000][gc,init] CardTable entry size: 512
[2025-10-20T03:05:59.644+0000][gc     ] Using G1
[2025-10-20T03:05:59.658+0000][gc,init] Version: 21.0.8+9-Ubuntu-0ubuntu124.04.1 (release)
[2025-10-20T03:05:59.658+0000][gc,init] CPUs: 2 total, 2 available
[2025-10-20T03:05:59.658+0000][gc,init] Memory: 3916M
[2025-10-20T03:05:59.658+0000][gc,init] Large Page Support: Disabled
[2025-10-20T03:05:59.658+0000][gc,init] NUMA Support: Disabled
[2025-10-20T03:05:59.658+0000][gc,init] Compressed Oops: Enabled (32-bit)
[2025-10-20T03:05:59.658+0000][gc,init] Heap Region Size: 1M
[2025-10-20T03:05:59.658+0000][gc,init] Heap Min Capacity: 1G
[2025-10-20T03:05:59.658+0000][gc,init] Heap Initial Capacity: 1G
[2025-10-20T03:05:59.658+0000][gc,init] Heap Max Capacity: 1G
[2025-10-20T03:05:59.658+0000][gc,init] Pre-touch: Disabled
[2025-10-20T03:05:59.658+0000][gc,init] Parallel Workers: 2
[2025-10-20T03:05:59.658+0000][gc,init] Concurrent Workers: 1
[2025-10-20T03:05:59.658+0000][gc,init] Concurrent Refinement Workers: 2
[2025-10-20T03:05:59.658+0000][gc,init] Periodic GC: Disabled
[2025-10-20T03:05:59.668+0000][gc,metaspace] CDS archive(s) mapped at: [0x0000769d23000000-0x0000769d23ca0000-0x0000769d23ca0000), size 13238272, SharedBaseAddress: 0x0000769d23000000, ArchiveRelocationMode: 1.
[2025-10-20T03:05:59.668+0000][gc,metaspace] Compressed class space mapped at: 0x0000769d24000000-0x0000769d64000000, reserved size: 1073741824
[2025-10-20T03:05:59.668+0000][gc,metaspace] Narrow klass base: 0x0000769d23000000, Narrow klass shift: 0, Narrow klass range: 0x100000000
[2025-10-20T03:06:02.461+0000][gc,start    ] GC(0) Pause Young (Normal) (G1 Evacuation Pause)
[2025-10-20T03:06:02.461+0000][gc,task     ] GC(0) Using 2 workers of 2 for evacuation
[2025-10-20T03:06:02.480+0000][gc,phases   ] GC(0)   Pre Evacuate Collection Set: 0.2ms
[2025-10-20T03:06:02.480+0000][gc,phases   ] GC(0)   Merge Heap Roots: 0.1ms
[2025-10-20T03:06:02.480+0000][gc,phases   ] GC(0)   Evacuate Collection Set: 17.9ms
[2025-10-20T03:06:02.480+0000][gc,phases   ] GC(0)   Post Evacuate Collection Set: 0.6ms
[2025-10-20T03:06:02.480+0000][gc,phases   ] GC(0)   Other: 0.2ms
[2025-10-20T03:06:02.480+0000][gc,heap     ] GC(0) Eden regions: 51->0(44)
[2025-10-20T03:06:02.480+0000][gc,heap     ] GC(0) Survivor regions: 0->7(7)
[2025-10-20T03:06:02.480+0000][gc,heap     ] GC(0) Old regions: 2->3
[2025-10-20T03:06:02.480+0000][gc,heap     ] GC(0) Humongous regions: 0->0
[2025-10-20T03:06:02.480+0000][gc,metaspace] GC(0) Metaspace: 17437K(17600K)->17437K(17600K) NonClass: 15396K(15488K)->15396K(15488K) Class: 2041K(2112K)->2041K(2112K)
[2025-10-20T03:06:02.480+0000][gc          ] GC(0) Pause Young (Normal) (G1 Evacuation Pause) 52M->8M(1024M) 19.186ms
[2025-10-20T03:06:02.480+0000][gc,cpu      ] GC(0) User=0.02s Sys=0.01s Real=0.00s
[2025-10-20T03:06:03.102+0000][gc,start    ] GC(1) Pause Young (Concurrent Start) (Metadata GC Threshold)
[2025-10-20T03:06:03.103+0000][gc,task     ] GC(1) Using 2 workers of 2 for evacuation
[2025-10-20T03:06:03.126+0000][gc,mmu      ] GC(1) MMU target violated: 21.0ms (20.0ms/21.0ms)
[2025-10-20T03:06:03.126+0000][gc,phases   ] GC(1)   Pre Evacuate Collection Set: 0.7ms
[2025-10-20T03:06:03.126+0000][gc,phases   ] GC(1)   Merge Heap Roots: 0.2ms
[2025-10-20T03:06:03.126+0000][gc,phases   ] GC(1)   Evacuate Collection Set: 20.8ms
[2025-10-20T03:06:03.126+0000][gc,phases   ] GC(1)   Post Evacuate Collection Set: 0.8ms
[2025-10-20T03:06:03.126+0000][gc,phases   ] GC(1)   Other: 0.6ms
[2025-10-20T03:06:03.126+0000][gc,heap     ] GC(1) Eden regions: 15->0(49)
[2025-10-20T03:06:03.126+0000][gc,heap     ] GC(1) Survivor regions: 7->2(7)
[2025-10-20T03:06:03.126+0000][gc,heap     ] GC(1) Old regions: 3->10
[2025-10-20T03:06:03.126+0000][gc,heap     ] GC(1) Humongous regions: 0->0
[2025-10-20T03:06:03.126+0000][gc,metaspace] GC(1) Metaspace: 21311K(21504K)->21311K(21504K) NonClass: 18785K(18880K)->18785K(18880K) Class: 2525K(2624K)->2525K(2624K)
[2025-10-20T03:06:03.126+0000][gc          ] GC(1) Pause Young (Concurrent Start) (Metadata GC Threshold) 23M->10M(1024M) 23.430ms
[2025-10-20T03:06:03.126+0000][gc,cpu      ] GC(1) User=0.01s Sys=0.01s Real=0.03s
[2025-10-20T03:06:03.136+0000][gc          ] GC(2) Concurrent Mark Cycle
[2025-10-20T03:06:03.136+0000][gc,marking  ] GC(2) Concurrent Scan Root Regions
[2025-10-20T03:06:03.140+0000][gc,marking  ] GC(2) Concurrent Scan Root Regions 3.910ms
[2025-10-20T03:06:03.140+0000][gc,marking  ] GC(2) Concurrent Mark
[2025-10-20T03:06:03.140+0000][gc,marking  ] GC(2) Concurrent Mark From Roots
[2025-10-20T03:06:03.140+0000][gc,task     ] GC(2) Using 1 workers of 1 for marking
[2025-10-20T03:06:03.143+0000][gc,marking  ] GC(2) Concurrent Mark From Roots 2.696ms
[2025-10-20T03:06:03.143+0000][gc,marking  ] GC(2) Concurrent Preclean
[2025-10-20T03:06:03.143+0000][gc,marking  ] GC(2) Concurrent Preclean 0.050ms
[2025-10-20T03:06:03.191+0000][gc,start    ] GC(2) Pause Remark
[2025-10-20T03:06:03.195+0000][gc          ] GC(2) Pause Remark 11M->11M(1024M) 4.671ms
[2025-10-20T03:06:03.195+0000][gc,cpu      ] GC(2) User=0.00s Sys=0.00s Real=0.00s
[2025-10-20T03:06:03.195+0000][gc,marking  ] GC(2) Concurrent Mark 55.478ms
[2025-10-20T03:06:03.195+0000][gc,marking  ] GC(2) Concurrent Rebuild Remembered Sets and Scrub Regions
[2025-10-20T03:06:03.200+0000][gc,marking  ] GC(2) Concurrent Rebuild Remembered Sets and Scrub Regions 4.501ms
[2025-10-20T03:06:03.200+0000][gc,start    ] GC(2) Pause Cleanup
[2025-10-20T03:06:03.201+0000][gc          ] GC(2) Pause Cleanup 11M->11M(1024M) 0.693ms
[2025-10-20T03:06:03.201+0000][gc,cpu      ] GC(2) User=0.00s Sys=0.00s Real=0.00s
[2025-10-20T03:06:03.201+0000][gc,marking  ] GC(2) Concurrent Clear Claimed Marks
[2025-10-20T03:06:03.201+0000][gc,marking  ] GC(2) Concurrent Clear Claimed Marks 0.035ms
[2025-10-20T03:06:03.201+0000][gc,marking  ] GC(2) Concurrent Cleanup for Next Mark
[2025-10-20T03:06:03.221+0000][gc,marking  ] GC(2) Concurrent Cleanup for Next Mark 19.878ms
[2025-10-20T03:06:03.221+0000][gc          ] GC(2) Concurrent Mark Cycle 85.190ms
[2025-10-20T03:06:05.785+0000][gc,start    ] GC(3) Pause Young (Prepare Mixed) (G1 Evacuation Pause)
[2025-10-20T03:06:05.786+0000][gc,task     ] GC(3) Using 2 workers of 2 for evacuation
[2025-10-20T03:06:05.794+0000][gc,phases   ] GC(3)   Pre Evacuate Collection Set: 0.9ms
[2025-10-20T03:06:05.794+0000][gc,phases   ] GC(3)   Merge Heap Roots: 0.1ms
[2025-10-20T03:06:05.794+0000][gc,phases   ] GC(3)   Evacuate Collection Set: 6.0ms
[2025-10-20T03:06:05.794+0000][gc,phases   ] GC(3)   Post Evacuate Collection Set: 0.8ms
[2025-10-20T03:06:05.794+0000][gc,phases   ] GC(3)   Other: 0.1ms
[2025-10-20T03:06:05.794+0000][gc,heap     ] GC(3) Eden regions: 49->0(44)
[2025-10-20T03:06:05.794+0000][gc,heap     ] GC(3) Survivor regions: 2->7(7)
[2025-10-20T03:06:05.794+0000][gc,heap     ] GC(3) Old regions: 10->10
[2025-10-20T03:06:05.794+0000][gc,heap     ] GC(3) Humongous regions: 129->129
[2025-10-20T03:06:05.794+0000][gc,metaspace] GC(3) Metaspace: 32900K(33216K)->32900K(33216K) NonClass: 29302K(29504K)->29302K(29504K) Class: 3597K(3712K)->3597K(3712K)
[2025-10-20T03:06:05.794+0000][gc          ] GC(3) Pause Young (Prepare Mixed) (G1 Evacuation Pause) 188M->144M(1024M) 8.144ms
[2025-10-20T03:06:05.794+0000][gc,cpu      ] GC(3) User=0.00s Sys=0.00s Real=0.00s
[2025-10-20T03:06:06.436+0000][gc,start    ] GC(4) Pause Young (Mixed) (Metadata GC Threshold)
[2025-10-20T03:06:06.436+0000][gc,task     ] GC(4) Using 2 workers of 2 for evacuation
[2025-10-20T03:06:06.488+0000][gc,mmu      ] GC(4) MMU target violated: 21.0ms (20.0ms/21.0ms)
[2025-10-20T03:06:06.488+0000][gc,phases   ] GC(4)   Pre Evacuate Collection Set: 1.0ms
[2025-10-20T03:06:06.488+0000][gc,phases   ] GC(4)   Merge Heap Roots: 8.1ms
[2025-10-20T03:06:06.488+0000][gc,phases   ] GC(4)   Evacuate Collection Set: 39.0ms
[2025-10-20T03:06:06.488+0000][gc,phases   ] GC(4)   Post Evacuate Collection Set: 3.7ms
[2025-10-20T03:06:06.488+0000][gc,phases   ] GC(4)   Other: 0.3ms
[2025-10-20T03:06:06.488+0000][gc,heap     ] GC(4) Eden regions: 13->0(50)
[2025-10-20T03:06:06.488+0000][gc,heap     ] GC(4) Survivor regions: 7->1(7)
[2025-10-20T03:06:06.488+0000][gc,heap     ] GC(4) Old regions: 10->16
[2025-10-20T03:06:06.488+0000][gc,heap     ] GC(4) Humongous regions: 129->129
[2025-10-20T03:06:06.488+0000][gc,metaspace] GC(4) Metaspace: 35838K(36096K)->35838K(36096K) NonClass: 31846K(32000K)->31846K(32000K) Class: 3991K(4096K)->3991K(4096K)
[2025-10-20T03:06:06.488+0000][gc          ] GC(4) Pause Young (Mixed) (Metadata GC Threshold) 156M->145M(1024M) 52.225ms
[2025-10-20T03:06:06.488+0000][gc,cpu      ] GC(4) User=0.03s Sys=0.03s Real=0.05s
[2025-10-20T03:06:06.550+0000][gc,start    ] GC(5) Pause Young (Concurrent Start) (Metadata GC Threshold)
[2025-10-20T03:06:06.550+0000][gc,task     ] GC(5) Using 2 workers of 2 for evacuation
[2025-10-20T03:06:06.572+0000][gc,mmu      ] GC(5) MMU target violated: 21.0ms (20.0ms/21.0ms)
[2025-10-20T03:06:06.572+0000][gc,phases   ] GC(5)   Pre Evacuate Collection Set: 1.6ms
[2025-10-20T03:06:06.572+0000][gc,phases   ] GC(5)   Merge Heap Roots: 0.3ms
[2025-10-20T03:06:06.572+0000][gc,phases   ] GC(5)   Evacuate Collection Set: 18.6ms
[2025-10-20T03:06:06.572+0000][gc,phases   ] GC(5)   Post Evacuate Collection Set: 1.4ms
[2025-10-20T03:06:06.572+0000][gc,phases   ] GC(5)   Other: 0.4ms
[2025-10-20T03:06:06.572+0000][gc,heap     ] GC(5) Eden regions: 3->0(50)
[2025-10-20T03:06:06.572+0000][gc,heap     ] GC(5) Survivor regions: 1->1(7)
[2025-10-20T03:06:06.572+0000][gc,heap     ] GC(5) Old regions: 16->16
[2025-10-20T03:06:06.572+0000][gc,heap     ] GC(5) Humongous regions: 129->129
[2025-10-20T03:06:06.572+0000][gc,metaspace] GC(5) Metaspace: 36138K(36416K)->36138K(36416K) NonClass: 32103K(32256K)->32103K(32256K) Class: 4035K(4160K)->4035K(4160K)
[2025-10-20T03:06:06.572+0000][gc          ] GC(5) Pause Young (Concurrent Start) (Metadata GC Threshold) 147M->144M(1024M) 22.395ms
[2025-10-20T03:06:06.572+0000][gc          ] GC(6) Concurrent Mark Cycle
[2025-10-20T03:06:06.572+0000][gc,marking  ] GC(6) Concurrent Scan Root Regions
[2025-10-20T03:06:06.573+0000][gc,marking  ] GC(6) Concurrent Scan Root Regions 1.035ms
[2025-10-20T03:06:06.573+0000][gc,marking  ] GC(6) Concurrent Mark
[2025-10-20T03:06:06.573+0000][gc,marking  ] GC(6) Concurrent Mark From Roots
[2025-10-20T03:06:06.573+0000][gc,task     ] GC(6) Using 1 workers of 1 for marking
[2025-10-20T03:06:06.573+0000][gc,cpu      ] GC(5) User=0.01s Sys=0.00s Real=0.02s
[2025-10-20T03:06:06.635+0000][gc,marking  ] GC(6) Concurrent Mark From Roots 61.392ms
[2025-10-20T03:06:06.635+0000][gc,marking  ] GC(6) Concurrent Preclean
[2025-10-20T03:06:06.635+0000][gc,marking  ] GC(6) Concurrent Preclean 0.080ms
[2025-10-20T03:06:06.689+0000][gc,start    ] GC(6) Pause Remark
[2025-10-20T03:06:06.696+0000][gc          ] GC(6) Pause Remark 146M->146M(1024M) 6.939ms
[2025-10-20T03:06:06.696+0000][gc,cpu      ] GC(6) User=0.01s Sys=0.00s Real=0.00s
[2025-10-20T03:06:06.696+0000][gc,marking  ] GC(6) Concurrent Mark 122.609ms
[2025-10-20T03:06:06.696+0000][gc,marking  ] GC(6) Concurrent Rebuild Remembered Sets and Scrub Regions
[2025-10-20T03:06:06.705+0000][gc,marking  ] GC(6) Concurrent Rebuild Remembered Sets and Scrub Regions 8.846ms
[2025-10-20T03:06:06.710+0000][gc,start    ] GC(6) Pause Cleanup
[2025-10-20T03:06:06.711+0000][gc          ] GC(6) Pause Cleanup 146M->146M(1024M) 0.634ms
[2025-10-20T03:06:06.711+0000][gc,cpu      ] GC(6) User=0.00s Sys=0.00s Real=0.00s
[2025-10-20T03:06:06.714+0000][gc,marking  ] GC(6) Concurrent Clear Claimed Marks
[2025-10-20T03:06:06.714+0000][gc,marking  ] GC(6) Concurrent Clear Claimed Marks 0.057ms
[2025-10-20T03:06:06.714+0000][gc,marking  ] GC(6) Concurrent Cleanup for Next Mark
[2025-10-20T03:06:06.717+0000][gc,marking  ] GC(6) Concurrent Cleanup for Next Mark 3.328ms
[2025-10-20T03:06:06.717+0000][gc          ] GC(6) Concurrent Mark Cycle 144.692ms
[2025-10-20T03:40:29.878+0000][gc,start    ] GC(7) Pause Young (Prepare Mixed) (G1 Evacuation Pause)
[2025-10-20T03:40:29.879+0000][gc,task     ] GC(7) Using 2 workers of 2 for evacuation
[2025-10-20T03:40:29.896+0000][gc,phases   ] GC(7)   Pre Evacuate Collection Set: 1.6ms
[2025-10-20T03:40:29.896+0000][gc,phases   ] GC(7)   Merge Heap Roots: 0.6ms
[2025-10-20T03:40:29.896+0000][gc,phases   ] GC(7)   Evacuate Collection Set: 12.6ms
[2025-10-20T03:40:29.896+0000][gc,phases   ] GC(7)   Post Evacuate Collection Set: 2.1ms
[2025-10-20T03:40:29.896+0000][gc,phases   ] GC(7)   Other: 0.3ms
[2025-10-20T03:40:29.896+0000][gc,heap     ] GC(7) Eden regions: 50->0(48)
[2025-10-20T03:40:29.896+0000][gc,heap     ] GC(7) Survivor regions: 1->3(7)
[2025-10-20T03:40:29.896+0000][gc,heap     ] GC(7) Old regions: 16->16
[2025-10-20T03:40:29.896+0000][gc,heap     ] GC(7) Humongous regions: 129->129
[2025-10-20T03:40:29.896+0000][gc,metaspace] GC(7) Metaspace: 41879K(42496K)->41879K(42496K) NonClass: 36978K(37312K)->36978K(37312K) Class: 4901K(5184K)->4901K(5184K)
[2025-10-20T03:40:29.896+0000][gc          ] GC(7) Pause Young (Prepare Mixed) (G1 Evacuation Pause) 194M->147M(1024M) 18.711ms
[2025-10-20T03:40:29.896+0000][gc,cpu      ] GC(7) User=0.02s Sys=0.00s Real=0.02s
[2025-10-20T04:02:59.792+0000][gc,start    ] GC(8) Pause Young (Mixed) (G1 Evacuation Pause)
[2025-10-20T04:02:59.800+0000][gc,task     ] GC(8) Using 2 workers of 2 for evacuation
[2025-10-20T04:02:59.822+0000][gc,mmu      ] GC(8) MMU target violated: 21.0ms (20.0ms/21.0ms)
[2025-10-20T04:02:59.824+0000][gc,phases   ] GC(8)   Pre Evacuate Collection Set: 2.9ms
[2025-10-20T04:02:59.824+0000][gc,phases   ] GC(8)   Merge Heap Roots: 0.1ms
[2025-10-20T04:02:59.824+0000][gc,phases   ] GC(8)   Evacuate Collection Set: 14.6ms
[2025-10-20T04:02:59.824+0000][gc,phases   ] GC(8)   Post Evacuate Collection Set: 4.4ms
[2025-10-20T04:02:59.824+0000][gc,phases   ] GC(8)   Other: 4.2ms
[2025-10-20T04:02:59.824+0000][gc,heap     ] GC(8) Eden regions: 48->0(47)
[2025-10-20T04:02:59.824+0000][gc,heap     ] GC(8) Survivor regions: 3->4(7)
[2025-10-20T04:02:59.824+0000][gc,heap     ] GC(8) Old regions: 16->15
[2025-10-20T04:02:59.824+0000][gc,heap     ] GC(8) Humongous regions: 129->129
[2025-10-20T04:02:59.825+0000][gc,metaspace] GC(8) Metaspace: 42500K(43136K)->42500K(43136K) NonClass: 37546K(37888K)->37546K(37888K) Class: 4953K(5248K)->4953K(5248K)
[2025-10-20T04:02:59.825+0000][gc          ] GC(8) Pause Young (Mixed) (G1 Evacuation Pause) 195M->147M(1024M) 34.294ms
[2025-10-20T04:02:59.825+0000][gc,cpu      ] GC(8) User=0.02s Sys=0.01s Real=0.03s
[2025-10-20T04:04:20.754+0000][gc,start    ] GC(9) Pause Young (Normal) (G1 Evacuation Pause)
[2025-10-20T04:04:20.760+0000][gc,task     ] GC(9) Using 2 workers of 2 for evacuation
[2025-10-20T04:04:20.774+0000][gc,phases   ] GC(9)   Pre Evacuate Collection Set: 2.3ms
[2025-10-20T04:04:20.774+0000][gc,phases   ] GC(9)   Merge Heap Roots: 0.3ms
[2025-10-20T04:04:20.774+0000][gc,phases   ] GC(9)   Evacuate Collection Set: 9.5ms
[2025-10-20T04:04:20.774+0000][gc,phases   ] GC(9)   Post Evacuate Collection Set: 1.4ms
[2025-10-20T04:04:20.774+0000][gc,phases   ] GC(9)   Other: 2.7ms
[2025-10-20T04:04:20.774+0000][gc,heap     ] GC(9) Eden regions: 47->0(46)
[2025-10-20T04:04:20.774+0000][gc,heap     ] GC(9) Survivor regions: 4->5(7)
[2025-10-20T04:04:20.774+0000][gc,heap     ] GC(9) Old regions: 15->15
[2025-10-20T04:04:20.774+0000][gc,heap     ] GC(9) Humongous regions: 129->129
[2025-10-20T04:04:20.776+0000][gc,metaspace] GC(9) Metaspace: 42724K(43328K)->42724K(43328K) NonClass: 37769K(38080K)->37769K(38080K) Class: 4954K(5248K)->4954K(5248K)
[2025-10-20T04:04:20.776+0000][gc          ] GC(9) Pause Young (Normal) (G1 Evacuation Pause) 194M->148M(1024M) 21.482ms
[2025-10-20T04:04:20.776+0000][gc,cpu      ] GC(9) User=0.01s Sys=0.02s Real=0.03s
[2025-10-20T04:06:22.201+0000][gc,start    ] GC(10) Pause Young (Normal) (G1 Evacuation Pause)
[2025-10-20T04:06:22.204+0000][gc,task     ] GC(10) Using 2 workers of 2 for evacuation
[2025-10-20T04:06:22.228+0000][gc,mmu      ] GC(10) MMU target violated: 21.0ms (20.0ms/21.0ms)
[2025-10-20T04:06:22.228+0000][gc,phases   ] GC(10)   Pre Evacuate Collection Set: 1.5ms
[2025-10-20T04:06:22.228+0000][gc,phases   ] GC(10)   Merge Heap Roots: 0.2ms
[2025-10-20T04:06:22.228+0000][gc,phases   ] GC(10)   Evacuate Collection Set: 20.4ms
[2025-10-20T04:06:22.228+0000][gc,phases   ] GC(10)   Post Evacuate Collection Set: 1.6ms
[2025-10-20T04:06:22.228+0000][gc,phases   ] GC(10)   Other: 0.3ms
[2025-10-20T04:06:22.228+0000][gc,heap     ] GC(10) Eden regions: 46->0(48)
[2025-10-20T04:06:22.228+0000][gc,heap     ] GC(10) Survivor regions: 5->3(7)
[2025-10-20T04:06:22.228+0000][gc,heap     ] GC(10) Old regions: 15->17
[2025-10-20T04:06:22.228+0000][gc,heap     ] GC(10) Humongous regions: 129->129
[2025-10-20T04:06:22.228+0000][gc,metaspace] GC(10) Metaspace: 42762K(43392K)->42762K(43392K) NonClass: 37804K(38144K)->37804K(38144K) Class: 4957K(5248K)->4957K(5248K)
[2025-10-20T04:06:22.228+0000][gc          ] GC(10) Pause Young (Normal) (G1 Evacuation Pause) 194M->148M(1024M) 27.611ms
[2025-10-20T04:06:22.228+0000][gc,cpu      ] GC(10) User=0.01s Sys=0.02s Real=0.03s
[2025-10-20T04:08:51.495+0000][gc,start    ] GC(11) Pause Young (Normal) (G1 Evacuation Pause)
[2025-10-20T04:08:51.496+0000][gc,task     ] GC(11) Using 2 workers of 2 for evacuation
[2025-10-20T04:08:51.509+0000][gc,phases   ] GC(11)   Pre Evacuate Collection Set: 2.1ms
[2025-10-20T04:08:51.509+0000][gc,phases   ] GC(11)   Merge Heap Roots: 0.2ms
[2025-10-20T04:08:51.509+0000][gc,phases   ] GC(11)   Evacuate Collection Set: 9.6ms
[2025-10-20T04:08:51.509+0000][gc,phases   ] GC(11)   Post Evacuate Collection Set: 1.4ms
[2025-10-20T04:08:51.509+0000][gc,phases   ] GC(11)   Other: 0.1ms
[2025-10-20T04:08:51.509+0000][gc,heap     ] GC(11) Eden regions: 48->0(48)
[2025-10-20T04:08:51.509+0000][gc,heap     ] GC(11) Survivor regions: 3->3(7)
[2025-10-20T04:08:51.509+0000][gc,heap     ] GC(11) Old regions: 17->17
[2025-10-20T04:08:51.509+0000][gc,heap     ] GC(11) Humongous regions: 129->129
[2025-10-20T04:08:51.509+0000][gc,metaspace] GC(11) Metaspace: 42772K(43392K)->42772K(43392K) NonClass: 37814K(38144K)->37814K(38144K) Class: 4957K(5248K)->4957K(5248K)
[2025-10-20T04:08:51.509+0000][gc          ] GC(11) Pause Young (Normal) (G1 Evacuation Pause) 196M->148M(1024M) 13.564ms
[2025-10-20T04:08:51.509+0000][gc,cpu      ] GC(11) User=0.00s Sys=0.01s Real=0.02s
[2025-10-20T04:09:43.162+0000][gc,start    ] GC(12) Pause Young (Normal) (G1 Evacuation Pause)
[2025-10-20T04:09:43.162+0000][gc,task     ] GC(12) Using 2 workers of 2 for evacuation
[2025-10-20T04:09:43.171+0000][gc,phases   ] GC(12)   Pre Evacuate Collection Set: 0.7ms
[2025-10-20T04:09:43.171+0000][gc,phases   ] GC(12)   Merge Heap Roots: 0.1ms
[2025-10-20T04:09:43.171+0000][gc,phases   ] GC(12)   Evacuate Collection Set: 7.7ms
[2025-10-20T04:09:43.171+0000][gc,phases   ] GC(12)   Post Evacuate Collection Set: 0.8ms
[2025-10-20T04:09:43.171+0000][gc,phases   ] GC(12)   Other: 0.1ms
[2025-10-20T04:09:43.171+0000][gc,heap     ] GC(12) Eden regions: 48->0(48)
[2025-10-20T04:09:43.171+0000][gc,heap     ] GC(12) Survivor regions: 3->3(7)
[2025-10-20T04:09:43.171+0000][gc,heap     ] GC(12) Old regions: 17->17
[2025-10-20T04:09:43.171+0000][gc,heap     ] GC(12) Humongous regions: 129->129
[2025-10-20T04:09:43.171+0000][gc,metaspace] GC(12) Metaspace: 42784K(43392K)->42784K(43392K) NonClass: 37826K(38144K)->37826K(38144K) Class: 4957K(5248K)->4957K(5248K)
[2025-10-20T04:09:43.171+0000][gc          ] GC(12) Pause Young (Normal) (G1 Evacuation Pause) 196M->148M(1024M) 9.747ms
[2025-10-20T04:09:43.171+0000][gc,cpu      ] GC(12) User=0.00s Sys=0.01s Real=0.01s
[2025-10-20T04:21:19.419+0000][gc,start    ] GC(13) Pause Young (Normal) (G1 Evacuation Pause)
[2025-10-20T04:21:19.419+0000][gc,task     ] GC(13) Using 2 workers of 2 for evacuation
[2025-10-20T04:21:19.499+0000][gc,mmu      ] GC(13) MMU target violated: 21.0ms (20.0ms/21.0ms)
[2025-10-20T04:21:19.499+0000][gc,phases   ] GC(13)   Pre Evacuate Collection Set: 4.3ms
[2025-10-20T04:21:19.499+0000][gc,phases   ] GC(13)   Merge Heap Roots: 0.9ms
[2025-10-20T04:21:19.499+0000][gc,phases   ] GC(13)   Evacuate Collection Set: 66.1ms
[2025-10-20T04:21:19.499+0000][gc,phases   ] GC(13)   Post Evacuate Collection Set: 8.7ms
[2025-10-20T04:21:19.499+0000][gc,phases   ] GC(13)   Other: 0.2ms
[2025-10-20T04:21:19.499+0000][gc,heap     ] GC(13) Eden regions: 48->0(47)
[2025-10-20T04:21:19.499+0000][gc,heap     ] GC(13) Survivor regions: 3->4(7)
[2025-10-20T04:21:19.499+0000][gc,heap     ] GC(13) Old regions: 17->17
[2025-10-20T04:21:19.499+0000][gc,heap     ] GC(13) Humongous regions: 129->129
[2025-10-20T04:21:19.499+0000][gc,metaspace] GC(13) Metaspace: 42903K(43520K)->42903K(43520K) NonClass: 37944K(38272K)->37944K(38272K) Class: 4958K(5248K)->4958K(5248K)
[2025-10-20T04:21:19.499+0000][gc          ] GC(13) Pause Young (Normal) (G1 Evacuation Pause) 196M->149M(1024M) 80.448ms
[2025-10-20T04:21:19.499+0000][gc,cpu      ] GC(13) User=0.05s Sys=0.03s Real=0.08s
