[2025-10-20T05:05:09.979+0000][gc,init] CardTable entry size: 512
[2025-10-20T05:05:09.980+0000][gc     ] Using G1
[2025-10-20T05:05:09.983+0000][gc,init] Version: 21.0.8+9-Ubuntu-0ubuntu124.04.1 (release)
[2025-10-20T05:05:09.983+0000][gc,init] CPUs: 2 total, 2 available
[2025-10-20T05:05:09.983+0000][gc,init] Memory: 3916M
[2025-10-20T05:05:09.983+0000][gc,init] Large Page Support: Disabled
[2025-10-20T05:05:09.983+0000][gc,init] NUMA Support: Disabled
[2025-10-20T05:05:09.983+0000][gc,init] Compressed Oops: Enabled (32-bit)
[2025-10-20T05:05:09.983+0000][gc,init] Heap Region Size: 1M
[2025-10-20T05:05:09.983+0000][gc,init] Heap Min Capacity: 512M
[2025-10-20T05:05:09.983+0000][gc,init] Heap Initial Capacity: 512M
[2025-10-20T05:05:09.983+0000][gc,init] Heap Max Capacity: 512M
[2025-10-20T05:05:09.983+0000][gc,init] Pre-touch: Disabled
[2025-10-20T05:05:09.983+0000][gc,init] Parallel Workers: 2
[2025-10-20T05:05:09.983+0000][gc,init] Concurrent Workers: 1
[2025-10-20T05:05:09.983+0000][gc,init] Concurrent Refinement Workers: 2
[2025-10-20T05:05:09.983+0000][gc,init] Periodic GC: Disabled
[2025-10-20T05:05:09.988+0000][gc,metaspace] CDS archive(s) mapped at: [0x00007c17f7000000-0x00007c17f7ca0000-0x00007c17f7ca0000), size 13238272, SharedBaseAddress: 0x00007c17f7000000, ArchiveRelocationMode: 1.
[2025-10-20T05:05:09.988+0000][gc,metaspace] Compressed class space mapped at: 0x00007c17f8000000-0x00007c1838000000, reserved size: 1073741824
[2025-10-20T05:05:09.988+0000][gc,metaspace] Narrow klass base: 0x00007c17f7000000, Narrow klass shift: 0, Narrow klass range: 0x100000000
[2025-10-20T05:05:10.595+0000][gc,start    ] GC(0) Pause Young (Normal) (G1 Evacuation Pause)
[2025-10-20T05:05:10.595+0000][gc,task     ] GC(0) Using 2 workers of 2 for evacuation
[2025-10-20T05:05:10.610+0000][gc,phases   ] GC(0)   Pre Evacuate Collection Set: 5.7ms
[2025-10-20T05:05:10.610+0000][gc,phases   ] GC(0)   Merge Heap Roots: 0.2ms
[2025-10-20T05:05:10.610+0000][gc,phases   ] GC(0)   Evacuate Collection Set: 8.2ms
[2025-10-20T05:05:10.610+0000][gc,phases   ] GC(0)   Post Evacuate Collection Set: 0.9ms
[2025-10-20T05:05:10.610+0000][gc,phases   ] GC(0)   Other: 0.6ms
[2025-10-20T05:05:10.610+0000][gc,heap     ] GC(0) Eden regions: 25->0(21)
[2025-10-20T05:05:10.610+0000][gc,heap     ] GC(0) Survivor regions: 0->4(4)
[2025-10-20T05:05:10.610+0000][gc,heap     ] GC(0) Old regions: 2->6
[2025-10-20T05:05:10.610+0000][gc,heap     ] GC(0) Humongous regions: 0->0
[2025-10-20T05:05:10.610+0000][gc,metaspace] GC(0) Metaspace: 8056K(8192K)->8056K(8192K) NonClass: 7199K(7296K)->7199K(7296K) Class: 856K(896K)->856K(896K)
[2025-10-20T05:05:10.610+0000][gc          ] GC(0) Pause Young (Normal) (G1 Evacuation Pause) 26M->8M(512M) 15.669ms
[2025-10-20T05:05:10.610+0000][gc,cpu      ] GC(0) User=0.01s Sys=0.01s Real=0.02s
[2025-10-20T05:23:05.083+0000][gc,heap,exit] Heap
[2025-10-20T05:23:05.083+0000][gc,heap,exit]  garbage-first heap   total 524288K, used 15540K [0x00000000e0000000, 0x0000000100000000)
[2025-10-20T05:23:05.083+0000][gc,heap,exit]   region size 1024K, 11 young (11264K), 4 survivors (4096K)
[2025-10-20T05:23:05.083+0000][gc,heap,exit]  Metaspace       used 9319K, committed 9472K, reserved 1114112K
[2025-10-20T05:23:05.083+0000][gc,heap,exit]   class space    used 982K, committed 1088K, reserved 1048576K
