[2025-10-20T03:04:41.741+0000][gc,init] CardTable entry size: 512
[2025-10-20T03:04:41.741+0000][gc     ] Using G1
[2025-10-20T03:04:41.751+0000][gc,init] Version: 21.0.8+9-Ubuntu-0ubuntu124.04.1 (release)
[2025-10-20T03:04:41.751+0000][gc,init] CPUs: 2 total, 2 available
[2025-10-20T03:04:41.751+0000][gc,init] Memory: 3916M
[2025-10-20T03:04:41.751+0000][gc,init] Large Page Support: Disabled
[2025-10-20T03:04:41.751+0000][gc,init] NUMA Support: Disabled
[2025-10-20T03:04:41.751+0000][gc,init] Compressed Oops: Enabled (32-bit)
[2025-10-20T03:04:41.751+0000][gc,init] Heap Region Size: 1M
[2025-10-20T03:04:41.751+0000][gc,init] Heap Min Capacity: 512M
[2025-10-20T03:04:41.751+0000][gc,init] Heap Initial Capacity: 512M
[2025-10-20T03:04:41.751+0000][gc,init] Heap Max Capacity: 512M
[2025-10-20T03:04:41.751+0000][gc,init] Pre-touch: Disabled
[2025-10-20T03:04:41.751+0000][gc,init] Parallel Workers: 2
[2025-10-20T03:04:41.751+0000][gc,init] Concurrent Workers: 1
[2025-10-20T03:04:41.751+0000][gc,init] Concurrent Refinement Workers: 2
[2025-10-20T03:04:41.751+0000][gc,init] Periodic GC: Disabled
[2025-10-20T03:04:41.764+0000][gc,metaspace] CDS archive(s) mapped at: [0x000071157f000000-0x000071157fca0000-0x000071157fca0000), size 13238272, SharedBaseAddress: 0x000071157f000000, ArchiveRelocationMode: 1.
[2025-10-20T03:04:41.764+0000][gc,metaspace] Compressed class space mapped at: 0x0000711580000000-0x00007115c0000000, reserved size: 1073741824
[2025-10-20T03:04:41.767+0000][gc,metaspace] Narrow klass base: 0x000071157f000000, Narrow klass shift: 0, Narrow klass range: 0x100000000
[2025-10-20T03:04:43.658+0000][gc,start    ] GC(0) Pause Young (Normal) (G1 Evacuation Pause)
[2025-10-20T03:04:43.658+0000][gc,task     ] GC(0) Using 2 workers of 2 for evacuation
[2025-10-20T03:04:43.678+0000][gc,phases   ] GC(0)   Pre Evacuate Collection Set: 0.1ms
[2025-10-20T03:04:43.678+0000][gc,phases   ] GC(0)   Merge Heap Roots: 0.1ms
[2025-10-20T03:04:43.678+0000][gc,phases   ] GC(0)   Evacuate Collection Set: 18.0ms
[2025-10-20T03:04:43.678+0000][gc,phases   ] GC(0)   Post Evacuate Collection Set: 0.4ms
[2025-10-20T03:04:43.678+0000][gc,phases   ] GC(0)   Other: 0.2ms
[2025-10-20T03:04:43.678+0000][gc,heap     ] GC(0) Eden regions: 25->0(21)
[2025-10-20T03:04:43.678+0000][gc,heap     ] GC(0) Survivor regions: 0->4(4)
[2025-10-20T03:04:43.678+0000][gc,heap     ] GC(0) Old regions: 2->6
[2025-10-20T03:04:43.678+0000][gc,heap     ] GC(0) Humongous regions: 0->0
[2025-10-20T03:04:43.678+0000][gc,metaspace] GC(0) Metaspace: 8083K(8256K)->8083K(8256K) NonClass: 7226K(7360K)->7226K(7360K) Class: 856K(896K)->856K(896K)
[2025-10-20T03:04:43.678+0000][gc          ] GC(0) Pause Young (Normal) (G1 Evacuation Pause) 26M->8M(512M) 20.537ms
[2025-10-20T03:04:43.678+0000][gc,cpu      ] GC(0) User=0.01s Sys=0.01s Real=0.02s
